// Jest Snapshot v1, https://goo.gl/fbAQLP

exports[`CardImage renders correctly 1`] = `
ShallowWrapper {
  "complexSelector": ComplexSelector {
    "buildPredicate": [Function],
    "childrenOfNode": [Function],
    "findWhereUnwrapped": [Function],
  },
  "length": 1,
  "node": <Image
    resizeMode="contain"
    source={undefined}
    style={
        Array [
            Object {
              "alignSelf": "center",
              "width": 50,
            },
            undefined,
          ]
    }
/>,
  "nodes": Array [
    <Image
      resizeMode="contain"
      source={undefined}
      style={
            Array [
                  Object {
                    "alignSelf": "center",
                    "width": 50,
                  },
                  undefined,
                ]
      }
/>,
  ],
  "options": Object {},
  "renderer": ReactShallowRenderer {
    "_instance": ShallowComponentWrapper {
      "_calledComponentWillUnmount": false,
      "_compositeType": 2,
      "_context": Object {},
      "_currentElement": <CardImage />,
      "_debugID": 1,
      "_hostContainerInfo": null,
      "_hostParent": null,
      "_instance": StatelessComponent {
        "_reactInternalInstance": [Circular],
        "context": Object {},
        "props": Object {},
        "refs": Object {},
        "state": null,
        "updater": Object {
          "enqueueCallback": [Function],
          "enqueueCallbackInternal": [Function],
          "enqueueElementInternal": [Function],
          "enqueueForceUpdate": [Function],
          "enqueueReplaceState": [Function],
          "enqueueSetState": [Function],
          "isMounted": [Function],
          "validateCallback": [Function],
        },
      },
      "_mountOrder": 1,
      "_pendingCallbacks": null,
      "_pendingElement": null,
      "_pendingForceUpdate": false,
      "_pendingReplaceState": false,
      "_pendingStateQueue": null,
      "_renderedComponent": NoopInternalComponent {
        "_currentElement": <Image
          resizeMode="contain"
          source={undefined}
          style={
                    Array [
                              Object {
                                "alignSelf": "center",
                                "width": 50,
                              },
                              undefined,
                            ]
          }
/>,
        "_debugID": 2,
        "_renderedOutput": <Image
          resizeMode="contain"
          source={undefined}
          style={
                    Array [
                              Object {
                                "alignSelf": "center",
                                "width": 50,
                              },
                              undefined,
                            ]
          }
/>,
      },
      "_renderedNodeType": 1,
      "_rootNodeID": 0,
      "_topLevelWrapper": null,
      "_updateBatchNumber": null,
      "_warnedAboutRefsInRender": false,
    },
    "getRenderOutput": [Function],
    "render": [Function],
  },
  "root": [Circular],
  "unrendered": <CardImage />,
}
`;
