// Jest Snapshot v1, https://goo.gl/fbAQLP

exports[`InformationSummary renders correctly 1`] = `
ShallowWrapper {
  "complexSelector": ComplexSelector {
    "buildPredicate": [Function],
    "childrenOfNode": [Function],
    "findWhereUnwrapped": [Function],
  },
  "length": 1,
  "node": <Unknown
    style={
        Object {
            "backgroundColor": "#fff",
            "flex": 1,
          }
    }
>
    <View>
        <Text
            accessible={true}
            allowFontScaling={true}
            ellipsizeMode="tail"
            style={
                Object {
                    "color": "#7f7f7f",
                    "fontSize": 13,
                    "paddingBottom": 16,
                    "paddingHorizontal": 15,
                    "paddingTop": 35,
                  }
            }
        >
            INFORMATION
        </Text>
        <View
            style={Object {}}
        >
            <InlineLabelTextInputField
                label="Full Name"
                name="name"
            />
            <InlineLabelTextInputField
                label="Phone Number"
                name="number"
            />
            <InlineLabelTextInputField
                keyboardType="email-address"
                label="Email"
                name="email"
            />
        </View>
        <Text
            accessible={true}
            allowFontScaling={true}
            ellipsizeMode="tail"
            style={
                Object {
                    "color": "#7f7f7f",
                    "fontSize": 13,
                    "paddingBottom": 16,
                    "paddingHorizontal": 15,
                    "paddingTop": 35,
                  }
            }
        >
            ADDRESS
        </Text>
        <View
            style={Object {}}
        >
            <InlineLabelTextInputField
                label="Country"
                name="country"
            />
            <InlineLabelTextInputField
                label="State"
                name="state"
            />
            <InlineLabelTextInputField
                label="City"
                name="city"
            />
            <InlineLabelTextInputField
                label="Address"
                name="address"
            />
            <InlineLabelTextInputField
                label="ZIP code"
                name="zip"
            />
        </View>
        <Field
            component={[Function]}
            name="save"
        />
        <Button
            buttonStyle={
                Object {
                    "backgroundColor": "#000",
                    "paddingVertical": 16,
                  }
            }
            containerViewStyle={Object {}}
            onPress={undefined}
            textStyle={
                Object {
                    "fontSize": 13,
                  }
            }
            title="PAY"
        />
    </View>
</Unknown>,
  "nodes": Array [
    <Unknown
      style={
            Object {
                  "backgroundColor": "#fff",
                  "flex": 1,
                }
      }
>
      <View>
            <Text
                  accessible={true}
                  allowFontScaling={true}
                  ellipsizeMode="tail"
                  style={
                        Object {
                              "color": "#7f7f7f",
                              "fontSize": 13,
                              "paddingBottom": 16,
                              "paddingHorizontal": 15,
                              "paddingTop": 35,
                            }
                  }
            >
                  INFORMATION
            </Text>
            <View
                  style={Object {}}
            >
                  <InlineLabelTextInputField
                        label="Full Name"
                        name="name"
                  />
                  <InlineLabelTextInputField
                        label="Phone Number"
                        name="number"
                  />
                  <InlineLabelTextInputField
                        keyboardType="email-address"
                        label="Email"
                        name="email"
                  />
            </View>
            <Text
                  accessible={true}
                  allowFontScaling={true}
                  ellipsizeMode="tail"
                  style={
                        Object {
                              "color": "#7f7f7f",
                              "fontSize": 13,
                              "paddingBottom": 16,
                              "paddingHorizontal": 15,
                              "paddingTop": 35,
                            }
                  }
            >
                  ADDRESS
            </Text>
            <View
                  style={Object {}}
            >
                  <InlineLabelTextInputField
                        label="Country"
                        name="country"
                  />
                  <InlineLabelTextInputField
                        label="State"
                        name="state"
                  />
                  <InlineLabelTextInputField
                        label="City"
                        name="city"
                  />
                  <InlineLabelTextInputField
                        label="Address"
                        name="address"
                  />
                  <InlineLabelTextInputField
                        label="ZIP code"
                        name="zip"
                  />
            </View>
            <Field
                  component={[Function]}
                  name="save"
            />
            <Button
                  buttonStyle={
                        Object {
                              "backgroundColor": "#000",
                              "paddingVertical": 16,
                            }
                  }
                  containerViewStyle={Object {}}
                  onPress={undefined}
                  textStyle={
                        Object {
                              "fontSize": 13,
                            }
                  }
                  title="PAY"
            />
      </View>
</Unknown>,
  ],
  "options": Object {
    "context": Object {
      "store": Object {
        "clearActions": [Function],
        "dispatch": [Function],
        "getActions": [Function],
        "getState": [Function],
        "replaceReducer": [Function],
        "subscribe": [Function],
      },
    },
  },
  "renderer": ReactShallowRenderer {
    "_instance": ShallowComponentWrapper {
      "_calledComponentWillUnmount": false,
      "_compositeType": 0,
      "_context": Object {
        "store": Object {
          "clearActions": [Function],
          "dispatch": [Function],
          "getActions": [Function],
          "getState": [Function],
          "replaceReducer": [Function],
          "subscribe": [Function],
        },
      },
      "_currentElement": <ScrollViewMock
        style={
                Object {
                        "backgroundColor": "#fff",
                        "flex": 1,
                      }
        }
>
        <Text
                accessible={true}
                allowFontScaling={true}
                ellipsizeMode="tail"
                style={
                        Object {
                                "color": "#7f7f7f",
                                "fontSize": 13,
                                "paddingBottom": 16,
                                "paddingHorizontal": 15,
                                "paddingTop": 35,
                              }
                }
        >
                INFORMATION
        </Text>
        <View
                style={Object {}}
        >
                <InlineLabelTextInputField
                        label="Full Name"
                        name="name"
                />
                <InlineLabelTextInputField
                        label="Phone Number"
                        name="number"
                />
                <InlineLabelTextInputField
                        keyboardType="email-address"
                        label="Email"
                        name="email"
                />
        </View>
        <Text
                accessible={true}
                allowFontScaling={true}
                ellipsizeMode="tail"
                style={
                        Object {
                                "color": "#7f7f7f",
                                "fontSize": 13,
                                "paddingBottom": 16,
                                "paddingHorizontal": 15,
                                "paddingTop": 35,
                              }
                }
        >
                ADDRESS
        </Text>
        <View
                style={Object {}}
        >
                <InlineLabelTextInputField
                        label="Country"
                        name="country"
                />
                <InlineLabelTextInputField
                        label="State"
                        name="state"
                />
                <InlineLabelTextInputField
                        label="City"
                        name="city"
                />
                <InlineLabelTextInputField
                        label="Address"
                        name="address"
                />
                <InlineLabelTextInputField
                        label="ZIP code"
                        name="zip"
                />
        </View>
        <Field
                component={[Function]}
                name="save"
        />
        <Button
                buttonStyle={
                        Object {
                                "backgroundColor": "#000",
                                "paddingVertical": 16,
                              }
                }
                containerViewStyle={Object {}}
                onPress={undefined}
                textStyle={
                        Object {
                                "fontSize": 13,
                              }
                }
                title="PAY"
        />
</ScrollViewMock>,
      "_debugID": 3,
      "_hostContainerInfo": null,
      "_hostParent": null,
      "_instance": ScrollViewMock {
        "_reactInternalInstance": [Circular],
        "context": Object {},
        "props": Object {
          "children": Array [
            <Text
              accessible={true}
              allowFontScaling={true}
              ellipsizeMode="tail"
              style={
                            Object {
                                          "color": "#7f7f7f",
                                          "fontSize": 13,
                                          "paddingBottom": 16,
                                          "paddingHorizontal": 15,
                                          "paddingTop": 35,
                                        }
              }
>
              INFORMATION
</Text>,
            <View
              style={Object {}}
>
              <InlineLabelTextInputField
                            label="Full Name"
                            name="name"
              />
              <InlineLabelTextInputField
                            label="Phone Number"
                            name="number"
              />
              <InlineLabelTextInputField
                            keyboardType="email-address"
                            label="Email"
                            name="email"
              />
</View>,
            <Text
              accessible={true}
              allowFontScaling={true}
              ellipsizeMode="tail"
              style={
                            Object {
                                          "color": "#7f7f7f",
                                          "fontSize": 13,
                                          "paddingBottom": 16,
                                          "paddingHorizontal": 15,
                                          "paddingTop": 35,
                                        }
              }
>
              ADDRESS
</Text>,
            <View
              style={Object {}}
>
              <InlineLabelTextInputField
                            label="Country"
                            name="country"
              />
              <InlineLabelTextInputField
                            label="State"
                            name="state"
              />
              <InlineLabelTextInputField
                            label="City"
                            name="city"
              />
              <InlineLabelTextInputField
                            label="Address"
                            name="address"
              />
              <InlineLabelTextInputField
                            label="ZIP code"
                            name="zip"
              />
</View>,
            <Field
              component={[Function]}
              name="save"
/>,
            <Button
              buttonStyle={
                            Object {
                                          "backgroundColor": "#000",
                                          "paddingVertical": 16,
                                        }
              }
              containerViewStyle={Object {}}
              onPress={undefined}
              textStyle={
                            Object {
                                          "fontSize": 13,
                                        }
              }
              title="PAY"
/>,
          ],
          "style": Object {
            "backgroundColor": "#fff",
            "flex": 1,
          },
        },
        "refs": Object {},
        "state": null,
        "updater": Object {
          "enqueueCallback": [Function],
          "enqueueCallbackInternal": [Function],
          "enqueueElementInternal": [Function],
          "enqueueForceUpdate": [Function],
          "enqueueReplaceState": [Function],
          "enqueueSetState": [Function],
          "isMounted": [Function],
          "validateCallback": [Function],
        },
      },
      "_mountOrder": 2,
      "_pendingCallbacks": null,
      "_pendingElement": null,
      "_pendingForceUpdate": false,
      "_pendingReplaceState": false,
      "_pendingStateQueue": null,
      "_renderedComponent": NoopInternalComponent {
        "_currentElement": <Unknown
          style={
                    Object {
                              "backgroundColor": "#fff",
                              "flex": 1,
                            }
          }
>
          <View>
                    <Text
                              accessible={true}
                              allowFontScaling={true}
                              ellipsizeMode="tail"
                              style={
                                        Object {
                                                  "color": "#7f7f7f",
                                                  "fontSize": 13,
                                                  "paddingBottom": 16,
                                                  "paddingHorizontal": 15,
                                                  "paddingTop": 35,
                                                }
                              }
                    >
                              INFORMATION
                    </Text>
                    <View
                              style={Object {}}
                    >
                              <InlineLabelTextInputField
                                        label="Full Name"
                                        name="name"
                              />
                              <InlineLabelTextInputField
                                        label="Phone Number"
                                        name="number"
                              />
                              <InlineLabelTextInputField
                                        keyboardType="email-address"
                                        label="Email"
                                        name="email"
                              />
                    </View>
                    <Text
                              accessible={true}
                              allowFontScaling={true}
                              ellipsizeMode="tail"
                              style={
                                        Object {
                                                  "color": "#7f7f7f",
                                                  "fontSize": 13,
                                                  "paddingBottom": 16,
                                                  "paddingHorizontal": 15,
                                                  "paddingTop": 35,
                                                }
                              }
                    >
                              ADDRESS
                    </Text>
                    <View
                              style={Object {}}
                    >
                              <InlineLabelTextInputField
                                        label="Country"
                                        name="country"
                              />
                              <InlineLabelTextInputField
                                        label="State"
                                        name="state"
                              />
                              <InlineLabelTextInputField
                                        label="City"
                                        name="city"
                              />
                              <InlineLabelTextInputField
                                        label="Address"
                                        name="address"
                              />
                              <InlineLabelTextInputField
                                        label="ZIP code"
                                        name="zip"
                              />
                    </View>
                    <Field
                              component={[Function]}
                              name="save"
                    />
                    <Button
                              buttonStyle={
                                        Object {
                                                  "backgroundColor": "#000",
                                                  "paddingVertical": 16,
                                                }
                              }
                              containerViewStyle={Object {}}
                              onPress={undefined}
                              textStyle={
                                        Object {
                                                  "fontSize": 13,
                                                }
                              }
                              title="PAY"
                    />
          </View>
</Unknown>,
        "_debugID": 4,
        "_renderedOutput": <Unknown
          style={
                    Object {
                              "backgroundColor": "#fff",
                              "flex": 1,
                            }
          }
>
          <View>
                    <Text
                              accessible={true}
                              allowFontScaling={true}
                              ellipsizeMode="tail"
                              style={
                                        Object {
                                                  "color": "#7f7f7f",
                                                  "fontSize": 13,
                                                  "paddingBottom": 16,
                                                  "paddingHorizontal": 15,
                                                  "paddingTop": 35,
                                                }
                              }
                    >
                              INFORMATION
                    </Text>
                    <View
                              style={Object {}}
                    >
                              <InlineLabelTextInputField
                                        label="Full Name"
                                        name="name"
                              />
                              <InlineLabelTextInputField
                                        label="Phone Number"
                                        name="number"
                              />
                              <InlineLabelTextInputField
                                        keyboardType="email-address"
                                        label="Email"
                                        name="email"
                              />
                    </View>
                    <Text
                              accessible={true}
                              allowFontScaling={true}
                              ellipsizeMode="tail"
                              style={
                                        Object {
                                                  "color": "#7f7f7f",
                                                  "fontSize": 13,
                                                  "paddingBottom": 16,
                                                  "paddingHorizontal": 15,
                                                  "paddingTop": 35,
                                                }
                              }
                    >
                              ADDRESS
                    </Text>
                    <View
                              style={Object {}}
                    >
                              <InlineLabelTextInputField
                                        label="Country"
                                        name="country"
                              />
                              <InlineLabelTextInputField
                                        label="State"
                                        name="state"
                              />
                              <InlineLabelTextInputField
                                        label="City"
                                        name="city"
                              />
                              <InlineLabelTextInputField
                                        label="Address"
                                        name="address"
                              />
                              <InlineLabelTextInputField
                                        label="ZIP code"
                                        name="zip"
                              />
                    </View>
                    <Field
                              component={[Function]}
                              name="save"
                    />
                    <Button
                              buttonStyle={
                                        Object {
                                                  "backgroundColor": "#000",
                                                  "paddingVertical": 16,
                                                }
                              }
                              containerViewStyle={Object {}}
                              onPress={undefined}
                              textStyle={
                                        Object {
                                                  "fontSize": 13,
                                                }
                              }
                              title="PAY"
                    />
          </View>
</Unknown>,
      },
      "_renderedNodeType": 1,
      "_rootNodeID": 0,
      "_topLevelWrapper": null,
      "_updateBatchNumber": null,
      "_warnedAboutRefsInRender": false,
    },
    "getRenderOutput": [Function],
    "render": [Function],
  },
  "root": [Circular],
  "unrendered": <ScrollViewMock
    style={
        Object {
            "backgroundColor": "#fff",
            "flex": 1,
          }
    }
>
    <Text
        accessible={true}
        allowFontScaling={true}
        ellipsizeMode="tail"
        style={
            Object {
                "color": "#7f7f7f",
                "fontSize": 13,
                "paddingBottom": 16,
                "paddingHorizontal": 15,
                "paddingTop": 35,
              }
        }
    >
        INFORMATION
    </Text>
    <View
        style={Object {}}
    >
        <InlineLabelTextInputField
            label="Full Name"
            name="name"
        />
        <InlineLabelTextInputField
            label="Phone Number"
            name="number"
        />
        <InlineLabelTextInputField
            keyboardType="email-address"
            label="Email"
            name="email"
        />
    </View>
    <Text
        accessible={true}
        allowFontScaling={true}
        ellipsizeMode="tail"
        style={
            Object {
                "color": "#7f7f7f",
                "fontSize": 13,
                "paddingBottom": 16,
                "paddingHorizontal": 15,
                "paddingTop": 35,
              }
        }
    >
        ADDRESS
    </Text>
    <View
        style={Object {}}
    >
        <InlineLabelTextInputField
            label="Country"
            name="country"
        />
        <InlineLabelTextInputField
            label="State"
            name="state"
        />
        <InlineLabelTextInputField
            label="City"
            name="city"
        />
        <InlineLabelTextInputField
            label="Address"
            name="address"
        />
        <InlineLabelTextInputField
            label="ZIP code"
            name="zip"
        />
    </View>
    <Field
        component={[Function]}
        name="save"
    />
    <Button
        buttonStyle={
            Object {
                "backgroundColor": "#000",
                "paddingVertical": 16,
              }
        }
        containerViewStyle={Object {}}
        onPress={undefined}
        textStyle={
            Object {
                "fontSize": 13,
              }
        }
        title="PAY"
    />
</ScrollViewMock>,
}
`;
