// Jest Snapshot v1, https://goo.gl/fbAQLP

exports[`PaymentMethod renders correctly 1`] = `
ShallowWrapper {
  "complexSelector": ComplexSelector {
    "buildPredicate": [Function],
    "childrenOfNode": [Function],
    "findWhereUnwrapped": [Function],
  },
  "length": 1,
  "node": <TouchableOpacity
    activeOpacity={0.2}
    focusedOpacity={0.7}
    style={
        Array [
            Object {
              "backgroundColor": "#F4F4F4",
              "borderBottomWidth": 0.5,
              "borderColor": "#cccccc",
              "flexDirection": "row",
              "paddingHorizontal": 12,
              "paddingVertical": 15,
            },
            undefined,
          ]
    }
>
    <Text
        accessible={true}
        allowFontScaling={true}
        ellipsizeMode="tail"
        style={
            Object {
                "flex": 1,
                "fontSize": 16,
              }
        }
    />
    <Image
        source={1}
        style={Object {}}
    />
</TouchableOpacity>,
  "nodes": Array [
    <TouchableOpacity
      activeOpacity={0.2}
      focusedOpacity={0.7}
      style={
            Array [
                  Object {
                    "backgroundColor": "#F4F4F4",
                    "borderBottomWidth": 0.5,
                    "borderColor": "#cccccc",
                    "flexDirection": "row",
                    "paddingHorizontal": 12,
                    "paddingVertical": 15,
                  },
                  undefined,
                ]
      }
>
      <Text
            accessible={true}
            allowFontScaling={true}
            ellipsizeMode="tail"
            style={
                  Object {
                        "flex": 1,
                        "fontSize": 16,
                      }
            }
      />
      <Image
            source={1}
            style={Object {}}
      />
</TouchableOpacity>,
  ],
  "options": Object {},
  "renderer": ReactShallowRenderer {
    "_instance": ShallowComponentWrapper {
      "_calledComponentWillUnmount": false,
      "_compositeType": 2,
      "_context": Object {},
      "_currentElement": <PaymentMethod />,
      "_debugID": 1,
      "_hostContainerInfo": null,
      "_hostParent": null,
      "_instance": StatelessComponent {
        "_reactInternalInstance": [Circular],
        "context": Object {},
        "props": Object {},
        "refs": Object {},
        "state": null,
        "updater": Object {
          "enqueueCallback": [Function],
          "enqueueCallbackInternal": [Function],
          "enqueueElementInternal": [Function],
          "enqueueForceUpdate": [Function],
          "enqueueReplaceState": [Function],
          "enqueueSetState": [Function],
          "isMounted": [Function],
          "validateCallback": [Function],
        },
      },
      "_mountOrder": 1,
      "_pendingCallbacks": null,
      "_pendingElement": null,
      "_pendingForceUpdate": false,
      "_pendingReplaceState": false,
      "_pendingStateQueue": null,
      "_renderedComponent": NoopInternalComponent {
        "_currentElement": <TouchableOpacity
          activeOpacity={0.2}
          focusedOpacity={0.7}
          style={
                    Array [
                              Object {
                                "backgroundColor": "#F4F4F4",
                                "borderBottomWidth": 0.5,
                                "borderColor": "#cccccc",
                                "flexDirection": "row",
                                "paddingHorizontal": 12,
                                "paddingVertical": 15,
                              },
                              undefined,
                            ]
          }
>
          <Text
                    accessible={true}
                    allowFontScaling={true}
                    ellipsizeMode="tail"
                    style={
                              Object {
                                        "flex": 1,
                                        "fontSize": 16,
                                      }
                    }
          />
          <Image
                    source={1}
                    style={Object {}}
          />
</TouchableOpacity>,
        "_debugID": 2,
        "_renderedOutput": <TouchableOpacity
          activeOpacity={0.2}
          focusedOpacity={0.7}
          style={
                    Array [
                              Object {
                                "backgroundColor": "#F4F4F4",
                                "borderBottomWidth": 0.5,
                                "borderColor": "#cccccc",
                                "flexDirection": "row",
                                "paddingHorizontal": 12,
                                "paddingVertical": 15,
                              },
                              undefined,
                            ]
          }
>
          <Text
                    accessible={true}
                    allowFontScaling={true}
                    ellipsizeMode="tail"
                    style={
                              Object {
                                        "flex": 1,
                                        "fontSize": 16,
                                      }
                    }
          />
          <Image
                    source={1}
                    style={Object {}}
          />
</TouchableOpacity>,
      },
      "_renderedNodeType": 1,
      "_rootNodeID": 0,
      "_topLevelWrapper": null,
      "_updateBatchNumber": null,
      "_warnedAboutRefsInRender": false,
    },
    "getRenderOutput": [Function],
    "render": [Function],
  },
  "root": [Circular],
  "unrendered": <PaymentMethod />,
}
`;
