// Jest Snapshot v1, https://goo.gl/fbAQLP

exports[`PromotionShareScreen renders correctly 1`] = `
ShallowWrapper {
  "complexSelector": ComplexSelector {
    "buildPredicate": [Function],
    "childrenOfNode": [Function],
    "findWhereUnwrapped": [Function],
  },
  "length": 1,
  "node": <View
    style={
        Object {
            "alignItems": "center",
            "backgroundColor": "#ffffff",
            "flex": 1,
            "flexDirection": "column",
            "justifyContent": "center",
          }
    }
>
    <View
        style={
            Object {
                "flexDirection": "row",
                "justifyContent": "center",
                "marginBottom": 20,
              }
        }
    >
        <Connect(ShareButton)
            source={1}
            style={
                Object {
                    "backgroundColor": "#b2b2b2",
                    "marginHorizontal": 10,
                  }
            }
        />
        <Connect(ShareButton)
            source={1}
            style={
                Object {
                    "backgroundColor": "#b2b2b2",
                    "marginHorizontal": 10,
                  }
            }
        />
    </View>
    <View
        style={
            Object {
                "flexDirection": "row",
                "justifyContent": "center",
                "marginBottom": 20,
              }
        }
    >
        <Connect(ShareButton)
            source={1}
            style={
                Object {
                    "backgroundColor": "#b2b2b2",
                    "marginHorizontal": 10,
                  }
            }
        />
        <Connect(ShareButton)
            source={1}
            style={
                Object {
                    "backgroundColor": "#b2b2b2",
                    "marginHorizontal": 10,
                  }
            }
        />
    </View>
    <View
        style={
            Object {
                "alignItems": "center",
                "bottom": 61.76,
                "left": 0,
                "position": "absolute",
                "right": 0,
              }
        }
    >
        <Connect(ShareButton)
            source={1}
            style={
                Object {
                    "borderColor": "#000000",
                    "borderWidth": 1,
                  }
            }
        />
    </View>
</View>,
  "nodes": Array [
    <View
      style={
            Object {
                  "alignItems": "center",
                  "backgroundColor": "#ffffff",
                  "flex": 1,
                  "flexDirection": "column",
                  "justifyContent": "center",
                }
      }
>
      <View
            style={
                  Object {
                        "flexDirection": "row",
                        "justifyContent": "center",
                        "marginBottom": 20,
                      }
            }
      >
            <Connect(ShareButton)
                  source={1}
                  style={
                        Object {
                              "backgroundColor": "#b2b2b2",
                              "marginHorizontal": 10,
                            }
                  }
            />
            <Connect(ShareButton)
                  source={1}
                  style={
                        Object {
                              "backgroundColor": "#b2b2b2",
                              "marginHorizontal": 10,
                            }
                  }
            />
      </View>
      <View
            style={
                  Object {
                        "flexDirection": "row",
                        "justifyContent": "center",
                        "marginBottom": 20,
                      }
            }
      >
            <Connect(ShareButton)
                  source={1}
                  style={
                        Object {
                              "backgroundColor": "#b2b2b2",
                              "marginHorizontal": 10,
                            }
                  }
            />
            <Connect(ShareButton)
                  source={1}
                  style={
                        Object {
                              "backgroundColor": "#b2b2b2",
                              "marginHorizontal": 10,
                            }
                  }
            />
      </View>
      <View
            style={
                  Object {
                        "alignItems": "center",
                        "bottom": 61.76,
                        "left": 0,
                        "position": "absolute",
                        "right": 0,
                      }
            }
      >
            <Connect(ShareButton)
                  source={1}
                  style={
                        Object {
                              "borderColor": "#000000",
                              "borderWidth": 1,
                            }
                  }
            />
      </View>
</View>,
  ],
  "options": Object {
    "context": Object {
      "store": Object {
        "clearActions": [Function],
        "dispatch": [Function],
        "getActions": [Function],
        "getState": [Function],
        "replaceReducer": [Function],
        "subscribe": [Function],
      },
    },
  },
  "renderer": ReactShallowRenderer {
    "_instance": ShallowComponentWrapper {
      "_calledComponentWillUnmount": false,
      "_compositeType": 0,
      "_context": Object {
        "store": Object {
          "clearActions": [Function],
          "dispatch": [Function],
          "getActions": [Function],
          "getState": [Function],
          "replaceReducer": [Function],
          "subscribe": [Function],
        },
      },
      "_currentElement": <PromotionShareScreen />,
      "_debugID": 3,
      "_hostContainerInfo": null,
      "_hostParent": null,
      "_instance": PromotionShareScreen {
        "_reactInternalInstance": [Circular],
        "context": Object {},
        "props": Object {},
        "refs": Object {},
        "state": null,
        "updater": Object {
          "enqueueCallback": [Function],
          "enqueueCallbackInternal": [Function],
          "enqueueElementInternal": [Function],
          "enqueueForceUpdate": [Function],
          "enqueueReplaceState": [Function],
          "enqueueSetState": [Function],
          "isMounted": [Function],
          "validateCallback": [Function],
        },
      },
      "_mountOrder": 2,
      "_pendingCallbacks": null,
      "_pendingElement": null,
      "_pendingForceUpdate": false,
      "_pendingReplaceState": false,
      "_pendingStateQueue": null,
      "_renderedComponent": NoopInternalComponent {
        "_currentElement": <View
          style={
                    Object {
                              "alignItems": "center",
                              "backgroundColor": "#ffffff",
                              "flex": 1,
                              "flexDirection": "column",
                              "justifyContent": "center",
                            }
          }
>
          <View
                    style={
                              Object {
                                        "flexDirection": "row",
                                        "justifyContent": "center",
                                        "marginBottom": 20,
                                      }
                    }
          >
                    <Connect(ShareButton)
                              source={1}
                              style={
                                        Object {
                                                  "backgroundColor": "#b2b2b2",
                                                  "marginHorizontal": 10,
                                                }
                              }
                    />
                    <Connect(ShareButton)
                              source={1}
                              style={
                                        Object {
                                                  "backgroundColor": "#b2b2b2",
                                                  "marginHorizontal": 10,
                                                }
                              }
                    />
          </View>
          <View
                    style={
                              Object {
                                        "flexDirection": "row",
                                        "justifyContent": "center",
                                        "marginBottom": 20,
                                      }
                    }
          >
                    <Connect(ShareButton)
                              source={1}
                              style={
                                        Object {
                                                  "backgroundColor": "#b2b2b2",
                                                  "marginHorizontal": 10,
                                                }
                              }
                    />
                    <Connect(ShareButton)
                              source={1}
                              style={
                                        Object {
                                                  "backgroundColor": "#b2b2b2",
                                                  "marginHorizontal": 10,
                                                }
                              }
                    />
          </View>
          <View
                    style={
                              Object {
                                        "alignItems": "center",
                                        "bottom": 61.76,
                                        "left": 0,
                                        "position": "absolute",
                                        "right": 0,
                                      }
                    }
          >
                    <Connect(ShareButton)
                              source={1}
                              style={
                                        Object {
                                                  "borderColor": "#000000",
                                                  "borderWidth": 1,
                                                }
                              }
                    />
          </View>
</View>,
        "_debugID": 4,
        "_renderedOutput": <View
          style={
                    Object {
                              "alignItems": "center",
                              "backgroundColor": "#ffffff",
                              "flex": 1,
                              "flexDirection": "column",
                              "justifyContent": "center",
                            }
          }
>
          <View
                    style={
                              Object {
                                        "flexDirection": "row",
                                        "justifyContent": "center",
                                        "marginBottom": 20,
                                      }
                    }
          >
                    <Connect(ShareButton)
                              source={1}
                              style={
                                        Object {
                                                  "backgroundColor": "#b2b2b2",
                                                  "marginHorizontal": 10,
                                                }
                              }
                    />
                    <Connect(ShareButton)
                              source={1}
                              style={
                                        Object {
                                                  "backgroundColor": "#b2b2b2",
                                                  "marginHorizontal": 10,
                                                }
                              }
                    />
          </View>
          <View
                    style={
                              Object {
                                        "flexDirection": "row",
                                        "justifyContent": "center",
                                        "marginBottom": 20,
                                      }
                    }
          >
                    <Connect(ShareButton)
                              source={1}
                              style={
                                        Object {
                                                  "backgroundColor": "#b2b2b2",
                                                  "marginHorizontal": 10,
                                                }
                              }
                    />
                    <Connect(ShareButton)
                              source={1}
                              style={
                                        Object {
                                                  "backgroundColor": "#b2b2b2",
                                                  "marginHorizontal": 10,
                                                }
                              }
                    />
          </View>
          <View
                    style={
                              Object {
                                        "alignItems": "center",
                                        "bottom": 61.76,
                                        "left": 0,
                                        "position": "absolute",
                                        "right": 0,
                                      }
                    }
          >
                    <Connect(ShareButton)
                              source={1}
                              style={
                                        Object {
                                                  "borderColor": "#000000",
                                                  "borderWidth": 1,
                                                }
                              }
                    />
          </View>
</View>,
      },
      "_renderedNodeType": 1,
      "_rootNodeID": 0,
      "_topLevelWrapper": null,
      "_updateBatchNumber": null,
      "_warnedAboutRefsInRender": false,
    },
    "getRenderOutput": [Function],
    "render": [Function],
  },
  "root": [Circular],
  "unrendered": <PromotionShareScreen />,
}
`;
