// Jest Snapshot v1, https://goo.gl/fbAQLP

exports[`MenuItem renders correctly 1`] = `
ShallowWrapper {
  "complexSelector": ComplexSelector {
    "buildPredicate": [Function],
    "childrenOfNode": [Function],
    "findWhereUnwrapped": [Function],
  },
  "length": 1,
  "node": <AnimatedComponent
    accessibilityComponentType={undefined}
    accessibilityLabel={undefined}
    accessibilityTraits={undefined}
    accessible={true}
    hitSlop={undefined}
    isTVSelectable={true}
    onLayout={undefined}
    onResponderGrant={[Function]}
    onResponderMove={[Function]}
    onResponderRelease={[Function]}
    onResponderTerminate={[Function]}
    onResponderTerminationRequest={[Function]}
    onStartShouldSetResponder={[Function]}
    style={
        Array [
            Object {
              "alignItems": "center",
              "borderBottomColor": "#E4E4E4",
              "borderBottomWidth": 1,
              "flexDirection": "row",
              "height": 56,
            },
            Object {
              "opacity": 1,
            },
          ]
    }
    testID={undefined}
    tvParallaxProperties={undefined}
>
    <Image
        source={1}
        style={
            Object {
                "marginRight": 22.4,
                "maxHeight": 23.04,
                "maxWidth": 23.04,
                "resizeMode": "contain",
              }
        }
    />
    <Text
        accessible={true}
        allowFontScaling={true}
        ellipsizeMode="tail"
        style={
            Object {
                "color": "#4c4c4c",
                "fontSize": 13.296,
                "textAlign": "center",
              }
        }
    >
        Notifications
    </Text>
    <TouchableOpacity
        activeOpacity={0.2}
        focusedOpacity={0.7}
        onPress={[Function]}
        style={
            Object {
                "alignItems": "center",
                "backgroundColor": "#cccccc",
                "borderRadius": 13.52,
                "height": 27.04,
                "justifyContent": "center",
                "position": "absolute",
                "right": 19.2,
                "width": 27.04,
              }
        }
    >
        <Text
            accessible={true}
            allowFontScaling={true}
            ellipsizeMode="tail"
            style={
                Object {
                    "backgroundColor": "transparent",
                    "color": "#ffffff",
                    "fontSize": 13.28,
                  }
            }
        >
            3
        </Text>
    </TouchableOpacity>
</AnimatedComponent>,
  "nodes": Array [
    <AnimatedComponent
      accessibilityComponentType={undefined}
      accessibilityLabel={undefined}
      accessibilityTraits={undefined}
      accessible={true}
      hitSlop={undefined}
      isTVSelectable={true}
      onLayout={undefined}
      onResponderGrant={[Function]}
      onResponderMove={[Function]}
      onResponderRelease={[Function]}
      onResponderTerminate={[Function]}
      onResponderTerminationRequest={[Function]}
      onStartShouldSetResponder={[Function]}
      style={
            Array [
                  Object {
                    "alignItems": "center",
                    "borderBottomColor": "#E4E4E4",
                    "borderBottomWidth": 1,
                    "flexDirection": "row",
                    "height": 56,
                  },
                  Object {
                    "opacity": 1,
                  },
                ]
      }
      testID={undefined}
      tvParallaxProperties={undefined}
>
      <Image
            source={1}
            style={
                  Object {
                        "marginRight": 22.4,
                        "maxHeight": 23.04,
                        "maxWidth": 23.04,
                        "resizeMode": "contain",
                      }
            }
      />
      <Text
            accessible={true}
            allowFontScaling={true}
            ellipsizeMode="tail"
            style={
                  Object {
                        "color": "#4c4c4c",
                        "fontSize": 13.296,
                        "textAlign": "center",
                      }
            }
      >
            Notifications
      </Text>
      <TouchableOpacity
            activeOpacity={0.2}
            focusedOpacity={0.7}
            onPress={[Function]}
            style={
                  Object {
                        "alignItems": "center",
                        "backgroundColor": "#cccccc",
                        "borderRadius": 13.52,
                        "height": 27.04,
                        "justifyContent": "center",
                        "position": "absolute",
                        "right": 19.2,
                        "width": 27.04,
                      }
            }
      >
            <Text
                  accessible={true}
                  allowFontScaling={true}
                  ellipsizeMode="tail"
                  style={
                        Object {
                              "backgroundColor": "transparent",
                              "color": "#ffffff",
                              "fontSize": 13.28,
                            }
                  }
            >
                  3
            </Text>
      </TouchableOpacity>
</AnimatedComponent>,
  ],
  "options": Object {
    "context": Object {
      "store": Object {
        "clearActions": [Function],
        "dispatch": [Function],
        "getActions": [Function],
        "getState": [Function],
        "replaceReducer": [Function],
        "subscribe": [Function],
      },
    },
  },
  "renderer": ReactShallowRenderer {
    "_instance": ShallowComponentWrapper {
      "_calledComponentWillUnmount": false,
      "_compositeType": 0,
      "_context": Object {
        "store": Object {
          "clearActions": [Function],
          "dispatch": [Function],
          "getActions": [Function],
          "getState": [Function],
          "replaceReducer": [Function],
          "subscribe": [Function],
        },
      },
      "_currentElement": <TouchableOpacity
        activeOpacity={0.2}
        focusedOpacity={0.7}
        onPress={[Function]}
        style={
                Object {
                        "alignItems": "center",
                        "borderBottomColor": "#E4E4E4",
                        "borderBottomWidth": 1,
                        "flexDirection": "row",
                        "height": 56,
                      }
        }
>
        <Image
                source={1}
                style={
                        Object {
                                "marginRight": 22.4,
                                "maxHeight": 23.04,
                                "maxWidth": 23.04,
                                "resizeMode": "contain",
                              }
                }
        />
        <Text
                accessible={true}
                allowFontScaling={true}
                ellipsizeMode="tail"
                style={
                        Object {
                                "color": "#4c4c4c",
                                "fontSize": 13.296,
                                "textAlign": "center",
                              }
                }
        >
                Notifications
        </Text>
        <TouchableOpacity
                activeOpacity={0.2}
                focusedOpacity={0.7}
                onPress={[Function]}
                style={
                        Object {
                                "alignItems": "center",
                                "backgroundColor": "#cccccc",
                                "borderRadius": 13.52,
                                "height": 27.04,
                                "justifyContent": "center",
                                "position": "absolute",
                                "right": 19.2,
                                "width": 27.04,
                              }
                }
        >
                <Text
                        accessible={true}
                        allowFontScaling={true}
                        ellipsizeMode="tail"
                        style={
                                Object {
                                        "backgroundColor": "transparent",
                                        "color": "#ffffff",
                                        "fontSize": 13.28,
                                      }
                        }
                >
                        3
                </Text>
        </TouchableOpacity>
</TouchableOpacity>,
      "_debugID": 3,
      "_hostContainerInfo": null,
      "_hostParent": null,
      "_instance":  {
        "_cancelLongPressDelayTimeout": [Function],
        "_endHighlight": [Function],
        "_getChildStyleOpacityWithDefault": [Function],
        "_getDistanceBetweenPoints": [Function],
        "_handleDelay": [Function],
        "_handleLongDelay": [Function],
        "_handleQueryLayout": [Function],
        "_isHighlight": [Function],
        "_opacityActive": [Function],
        "_opacityFocused": [Function],
        "_opacityInactive": [Function],
        "_performSideEffectsForTransition": [Function],
        "_reactInternalInstance": [Circular],
        "_receiveSignal": [Function],
        "_remeasureMetricsOnActivation": [Function],
        "_savePressInLocation": [Function],
        "_startHighlight": [Function],
        "blur": [Function],
        "cancelAnimationFrame": [Function],
        "clearImmediate": [Function],
        "clearInterval": [Function],
        "clearTimeout": [Function],
        "context": Object {},
        "focus": [Function],
        "measure": [Function],
        "measureInWindow": [Function],
        "measureLayout": [Function],
        "props": Object {
          "activeOpacity": 0.2,
          "children": Array [
            <Image
              source={1}
              style={
                            Object {
                                          "marginRight": 22.4,
                                          "maxHeight": 23.04,
                                          "maxWidth": 23.04,
                                          "resizeMode": "contain",
                                        }
              }
/>,
            <Text
              accessible={true}
              allowFontScaling={true}
              ellipsizeMode="tail"
              style={
                            Object {
                                          "color": "#4c4c4c",
                                          "fontSize": 13.296,
                                          "textAlign": "center",
                                        }
              }
>
              Notifications
</Text>,
            <TouchableOpacity
              activeOpacity={0.2}
              focusedOpacity={0.7}
              onPress={[Function]}
              style={
                            Object {
                                          "alignItems": "center",
                                          "backgroundColor": "#cccccc",
                                          "borderRadius": 13.52,
                                          "height": 27.04,
                                          "justifyContent": "center",
                                          "position": "absolute",
                                          "right": 19.2,
                                          "width": 27.04,
                                        }
              }
>
              <Text
                            accessible={true}
                            allowFontScaling={true}
                            ellipsizeMode="tail"
                            style={
                                          Object {
                                                        "backgroundColor": "transparent",
                                                        "color": "#ffffff",
                                                        "fontSize": 13.28,
                                                      }
                            }
              >
                            3
              </Text>
</TouchableOpacity>,
          ],
          "focusedOpacity": 0.7,
          "onPress": [Function],
          "style": Object {
            "alignItems": "center",
            "borderBottomColor": "#E4E4E4",
            "borderBottomWidth": 1,
            "flexDirection": "row",
            "height": 56,
          },
        },
        "refs": Object {},
        "requestAnimationFrame": [Function],
        "setImmediate": [Function],
        "setInterval": [Function],
        "setNativeProps": [Function],
        "setOpacityTo": [Function],
        "setTimeout": [Function],
        "state": Object {
          "anim": 1,
          "touchable": Object {
            "responderID": null,
            "touchState": undefined,
          },
        },
        "touchableGetHighlightDelayMS": [Function],
        "touchableGetHitSlop": [Function],
        "touchableGetInitialState": [Function],
        "touchableGetLongPressDelayMS": [Function],
        "touchableGetPressOutDelayMS": [Function],
        "touchableGetPressRectOffset": [Function],
        "touchableHandleActivePressIn": [Function],
        "touchableHandleActivePressOut": [Function],
        "touchableHandleLongPress": [Function],
        "touchableHandlePress": [Function],
        "touchableHandleResponderGrant": [Function],
        "touchableHandleResponderMove": [Function],
        "touchableHandleResponderRelease": [Function],
        "touchableHandleResponderTerminate": [Function],
        "touchableHandleResponderTerminationRequest": [Function],
        "touchableHandleStartShouldSetResponder": [Function],
        "touchableLongPressCancelsPress": [Function],
        "updater": Object {
          "enqueueCallback": [Function],
          "enqueueCallbackInternal": [Function],
          "enqueueElementInternal": [Function],
          "enqueueForceUpdate": [Function],
          "enqueueReplaceState": [Function],
          "enqueueSetState": [Function],
          "isMounted": [Function],
          "validateCallback": [Function],
        },
      },
      "_mountOrder": 2,
      "_pendingCallbacks": null,
      "_pendingElement": null,
      "_pendingForceUpdate": false,
      "_pendingReplaceState": false,
      "_pendingStateQueue": null,
      "_renderedComponent": NoopInternalComponent {
        "_currentElement": <AnimatedComponent
          accessibilityComponentType={undefined}
          accessibilityLabel={undefined}
          accessibilityTraits={undefined}
          accessible={true}
          hitSlop={undefined}
          isTVSelectable={true}
          onLayout={undefined}
          onResponderGrant={[Function]}
          onResponderMove={[Function]}
          onResponderRelease={[Function]}
          onResponderTerminate={[Function]}
          onResponderTerminationRequest={[Function]}
          onStartShouldSetResponder={[Function]}
          style={
                    Array [
                              Object {
                                "alignItems": "center",
                                "borderBottomColor": "#E4E4E4",
                                "borderBottomWidth": 1,
                                "flexDirection": "row",
                                "height": 56,
                              },
                              Object {
                                "opacity": 1,
                              },
                            ]
          }
          testID={undefined}
          tvParallaxProperties={undefined}
>
          <Image
                    source={1}
                    style={
                              Object {
                                        "marginRight": 22.4,
                                        "maxHeight": 23.04,
                                        "maxWidth": 23.04,
                                        "resizeMode": "contain",
                                      }
                    }
          />
          <Text
                    accessible={true}
                    allowFontScaling={true}
                    ellipsizeMode="tail"
                    style={
                              Object {
                                        "color": "#4c4c4c",
                                        "fontSize": 13.296,
                                        "textAlign": "center",
                                      }
                    }
          >
                    Notifications
          </Text>
          <TouchableOpacity
                    activeOpacity={0.2}
                    focusedOpacity={0.7}
                    onPress={[Function]}
                    style={
                              Object {
                                        "alignItems": "center",
                                        "backgroundColor": "#cccccc",
                                        "borderRadius": 13.52,
                                        "height": 27.04,
                                        "justifyContent": "center",
                                        "position": "absolute",
                                        "right": 19.2,
                                        "width": 27.04,
                                      }
                    }
          >
                    <Text
                              accessible={true}
                              allowFontScaling={true}
                              ellipsizeMode="tail"
                              style={
                                        Object {
                                                  "backgroundColor": "transparent",
                                                  "color": "#ffffff",
                                                  "fontSize": 13.28,
                                                }
                              }
                    >
                              3
                    </Text>
          </TouchableOpacity>
</AnimatedComponent>,
        "_debugID": 4,
        "_renderedOutput": <AnimatedComponent
          accessibilityComponentType={undefined}
          accessibilityLabel={undefined}
          accessibilityTraits={undefined}
          accessible={true}
          hitSlop={undefined}
          isTVSelectable={true}
          onLayout={undefined}
          onResponderGrant={[Function]}
          onResponderMove={[Function]}
          onResponderRelease={[Function]}
          onResponderTerminate={[Function]}
          onResponderTerminationRequest={[Function]}
          onStartShouldSetResponder={[Function]}
          style={
                    Array [
                              Object {
                                "alignItems": "center",
                                "borderBottomColor": "#E4E4E4",
                                "borderBottomWidth": 1,
                                "flexDirection": "row",
                                "height": 56,
                              },
                              Object {
                                "opacity": 1,
                              },
                            ]
          }
          testID={undefined}
          tvParallaxProperties={undefined}
>
          <Image
                    source={1}
                    style={
                              Object {
                                        "marginRight": 22.4,
                                        "maxHeight": 23.04,
                                        "maxWidth": 23.04,
                                        "resizeMode": "contain",
                                      }
                    }
          />
          <Text
                    accessible={true}
                    allowFontScaling={true}
                    ellipsizeMode="tail"
                    style={
                              Object {
                                        "color": "#4c4c4c",
                                        "fontSize": 13.296,
                                        "textAlign": "center",
                                      }
                    }
          >
                    Notifications
          </Text>
          <TouchableOpacity
                    activeOpacity={0.2}
                    focusedOpacity={0.7}
                    onPress={[Function]}
                    style={
                              Object {
                                        "alignItems": "center",
                                        "backgroundColor": "#cccccc",
                                        "borderRadius": 13.52,
                                        "height": 27.04,
                                        "justifyContent": "center",
                                        "position": "absolute",
                                        "right": 19.2,
                                        "width": 27.04,
                                      }
                    }
          >
                    <Text
                              accessible={true}
                              allowFontScaling={true}
                              ellipsizeMode="tail"
                              style={
                                        Object {
                                                  "backgroundColor": "transparent",
                                                  "color": "#ffffff",
                                                  "fontSize": 13.28,
                                                }
                              }
                    >
                              3
                    </Text>
          </TouchableOpacity>
</AnimatedComponent>,
      },
      "_renderedNodeType": 1,
      "_rootNodeID": 0,
      "_topLevelWrapper": null,
      "_updateBatchNumber": null,
      "_warnedAboutRefsInRender": false,
    },
    "getRenderOutput": [Function],
    "render": [Function],
  },
  "root": [Circular],
  "unrendered": <TouchableOpacity
    activeOpacity={0.2}
    focusedOpacity={0.7}
    onPress={[Function]}
    style={
        Object {
            "alignItems": "center",
            "borderBottomColor": "#E4E4E4",
            "borderBottomWidth": 1,
            "flexDirection": "row",
            "height": 56,
          }
    }
>
    <Image
        source={1}
        style={
            Object {
                "marginRight": 22.4,
                "maxHeight": 23.04,
                "maxWidth": 23.04,
                "resizeMode": "contain",
              }
        }
    />
    <Text
        accessible={true}
        allowFontScaling={true}
        ellipsizeMode="tail"
        style={
            Object {
                "color": "#4c4c4c",
                "fontSize": 13.296,
                "textAlign": "center",
              }
        }
    >
        Notifications
    </Text>
    <TouchableOpacity
        activeOpacity={0.2}
        focusedOpacity={0.7}
        onPress={[Function]}
        style={
            Object {
                "alignItems": "center",
                "backgroundColor": "#cccccc",
                "borderRadius": 13.52,
                "height": 27.04,
                "justifyContent": "center",
                "position": "absolute",
                "right": 19.2,
                "width": 27.04,
              }
        }
    >
        <Text
            accessible={true}
            allowFontScaling={true}
            ellipsizeMode="tail"
            style={
                Object {
                    "backgroundColor": "transparent",
                    "color": "#ffffff",
                    "fontSize": 13.28,
                  }
            }
        >
            3
        </Text>
    </TouchableOpacity>
</TouchableOpacity>,
}
`;
