// Jest Snapshot v1, https://goo.gl/fbAQLP

exports[`OrderList renders correctly 1`] = `
ShallowWrapper {
  "complexSelector": ComplexSelector {
    "buildPredicate": [Function],
    "childrenOfNode": [Function],
    "findWhereUnwrapped": [Function],
  },
  "length": 1,
  "node": <Unknown
    contentContainerStyle={
        Object {
            "paddingBottom": 200,
          }
    }
>
    <View>
        
    </View>
</Unknown>,
  "nodes": Array [
    <Unknown
      contentContainerStyle={
            Object {
                  "paddingBottom": 200,
                }
      }
>
      <View>
            
      </View>
</Unknown>,
  ],
  "options": Object {
    "context": Object {
      "store": Object {
        "clearActions": [Function],
        "dispatch": [Function],
        "getActions": [Function],
        "getState": [Function],
        "replaceReducer": [Function],
        "subscribe": [Function],
      },
    },
  },
  "renderer": ReactShallowRenderer {
    "_instance": ShallowComponentWrapper {
      "_calledComponentWillUnmount": false,
      "_compositeType": 0,
      "_context": Object {
        "store": Object {
          "clearActions": [Function],
          "dispatch": [Function],
          "getActions": [Function],
          "getState": [Function],
          "replaceReducer": [Function],
          "subscribe": [Function],
        },
      },
      "_currentElement": <ScrollViewMock
        contentContainerStyle={
                Object {
                        "paddingBottom": 200,
                      }
        }
>
        
</ScrollViewMock>,
      "_debugID": 3,
      "_hostContainerInfo": null,
      "_hostParent": null,
      "_instance": ScrollViewMock {
        "_reactInternalInstance": [Circular],
        "context": Object {},
        "props": Object {
          "children": Array [],
          "contentContainerStyle": Object {
            "paddingBottom": 200,
          },
        },
        "refs": Object {},
        "state": null,
        "updater": Object {
          "enqueueCallback": [Function],
          "enqueueCallbackInternal": [Function],
          "enqueueElementInternal": [Function],
          "enqueueForceUpdate": [Function],
          "enqueueReplaceState": [Function],
          "enqueueSetState": [Function],
          "isMounted": [Function],
          "validateCallback": [Function],
        },
      },
      "_mountOrder": 2,
      "_pendingCallbacks": null,
      "_pendingElement": null,
      "_pendingForceUpdate": false,
      "_pendingReplaceState": false,
      "_pendingStateQueue": null,
      "_renderedComponent": NoopInternalComponent {
        "_currentElement": <Unknown
          contentContainerStyle={
                    Object {
                              "paddingBottom": 200,
                            }
          }
>
          <View>
                    
          </View>
</Unknown>,
        "_debugID": 4,
        "_renderedOutput": <Unknown
          contentContainerStyle={
                    Object {
                              "paddingBottom": 200,
                            }
          }
>
          <View>
                    
          </View>
</Unknown>,
      },
      "_renderedNodeType": 1,
      "_rootNodeID": 0,
      "_topLevelWrapper": null,
      "_updateBatchNumber": null,
      "_warnedAboutRefsInRender": false,
    },
    "getRenderOutput": [Function],
    "render": [Function],
  },
  "root": [Circular],
  "unrendered": <ScrollViewMock
    contentContainerStyle={
        Object {
            "paddingBottom": 200,
          }
    }
>
    
</ScrollViewMock>,
}
`;
