// Jest Snapshot v1, https://goo.gl/fbAQLP

exports[`Rating renders correctly 1`] = `
ShallowWrapper {
  "complexSelector": ComplexSelector {
    "buildPredicate": [Function],
    "childrenOfNode": [Function],
    "findWhereUnwrapped": [Function],
  },
  "length": 1,
  "node": <View
    style={
        Array [
            Object {
              "flexDirection": "row",
            },
            undefined,
          ]
    }
>
    <TouchableOpacity
        activeOpacity={0.2}
        focusedOpacity={0.7}
        onPress={[Function]}
    >
        <Image
            source={1}
            style={
                Array [
                    Object {
                      "marginRight": 10,
                    },
                    Object {
                      "height": 30,
                      "width": 30,
                    },
                    undefined,
                  ]
            }
        />
    </TouchableOpacity>
    <TouchableOpacity
        activeOpacity={0.2}
        focusedOpacity={0.7}
        onPress={[Function]}
    >
        <Image
            source={1}
            style={
                Array [
                    Object {
                      "marginRight": 10,
                    },
                    Object {
                      "height": 30,
                      "width": 30,
                    },
                    undefined,
                  ]
            }
        />
    </TouchableOpacity>
    <TouchableOpacity
        activeOpacity={0.2}
        focusedOpacity={0.7}
        onPress={[Function]}
    >
        <Image
            source={1}
            style={
                Array [
                    Object {
                      "marginRight": 10,
                    },
                    Object {
                      "height": 30,
                      "width": 30,
                    },
                    undefined,
                  ]
            }
        />
    </TouchableOpacity>
    <TouchableOpacity
        activeOpacity={0.2}
        focusedOpacity={0.7}
        onPress={[Function]}
    >
        <Image
            source={1}
            style={
                Array [
                    Object {
                      "marginRight": 10,
                    },
                    Object {
                      "height": 30,
                      "width": 30,
                    },
                    undefined,
                  ]
            }
        />
    </TouchableOpacity>
    <TouchableOpacity
        activeOpacity={0.2}
        focusedOpacity={0.7}
        onPress={[Function]}
    >
        <Image
            source={1}
            style={
                Array [
                    Object {
                      "marginRight": 10,
                    },
                    Object {
                      "height": 30,
                      "width": 30,
                    },
                    undefined,
                  ]
            }
        />
    </TouchableOpacity>
</View>,
  "nodes": Array [
    <View
      style={
            Array [
                  Object {
                    "flexDirection": "row",
                  },
                  undefined,
                ]
      }
>
      <TouchableOpacity
            activeOpacity={0.2}
            focusedOpacity={0.7}
            onPress={[Function]}
      >
            <Image
                  source={1}
                  style={
                        Array [
                              Object {
                                "marginRight": 10,
                              },
                              Object {
                                "height": 30,
                                "width": 30,
                              },
                              undefined,
                            ]
                  }
            />
      </TouchableOpacity>
      <TouchableOpacity
            activeOpacity={0.2}
            focusedOpacity={0.7}
            onPress={[Function]}
      >
            <Image
                  source={1}
                  style={
                        Array [
                              Object {
                                "marginRight": 10,
                              },
                              Object {
                                "height": 30,
                                "width": 30,
                              },
                              undefined,
                            ]
                  }
            />
      </TouchableOpacity>
      <TouchableOpacity
            activeOpacity={0.2}
            focusedOpacity={0.7}
            onPress={[Function]}
      >
            <Image
                  source={1}
                  style={
                        Array [
                              Object {
                                "marginRight": 10,
                              },
                              Object {
                                "height": 30,
                                "width": 30,
                              },
                              undefined,
                            ]
                  }
            />
      </TouchableOpacity>
      <TouchableOpacity
            activeOpacity={0.2}
            focusedOpacity={0.7}
            onPress={[Function]}
      >
            <Image
                  source={1}
                  style={
                        Array [
                              Object {
                                "marginRight": 10,
                              },
                              Object {
                                "height": 30,
                                "width": 30,
                              },
                              undefined,
                            ]
                  }
            />
      </TouchableOpacity>
      <TouchableOpacity
            activeOpacity={0.2}
            focusedOpacity={0.7}
            onPress={[Function]}
      >
            <Image
                  source={1}
                  style={
                        Array [
                              Object {
                                "marginRight": 10,
                              },
                              Object {
                                "height": 30,
                                "width": 30,
                              },
                              undefined,
                            ]
                  }
            />
      </TouchableOpacity>
</View>,
  ],
  "options": Object {},
  "renderer": ReactShallowRenderer {
    "_instance": ShallowComponentWrapper {
      "_calledComponentWillUnmount": false,
      "_compositeType": 0,
      "_context": Object {},
      "_currentElement": <BackButton
        emptyImage={1}
        fillImage={1}
        ratingCount={5}
        size={30}
        value={0}
/>,
      "_debugID": 1,
      "_hostContainerInfo": null,
      "_hostParent": null,
      "_instance": BackButton {
        "_reactInternalInstance": [Circular],
        "context": Object {},
        "handleRating": [Function],
        "props": Object {
          "emptyImage": 1,
          "fillImage": 1,
          "ratingCount": 5,
          "size": 30,
          "value": 0,
        },
        "refs": Object {},
        "renderRating": [Function],
        "state": null,
        "updater": Object {
          "enqueueCallback": [Function],
          "enqueueCallbackInternal": [Function],
          "enqueueElementInternal": [Function],
          "enqueueForceUpdate": [Function],
          "enqueueReplaceState": [Function],
          "enqueueSetState": [Function],
          "isMounted": [Function],
          "validateCallback": [Function],
        },
      },
      "_mountOrder": 1,
      "_pendingCallbacks": null,
      "_pendingElement": null,
      "_pendingForceUpdate": false,
      "_pendingReplaceState": false,
      "_pendingStateQueue": null,
      "_renderedComponent": NoopInternalComponent {
        "_currentElement": <View
          style={
                    Array [
                              Object {
                                "flexDirection": "row",
                              },
                              undefined,
                            ]
          }
>
          <TouchableOpacity
                    activeOpacity={0.2}
                    focusedOpacity={0.7}
                    onPress={[Function]}
          >
                    <Image
                              source={1}
                              style={
                                        Array [
                                                  Object {
                                                    "marginRight": 10,
                                                  },
                                                  Object {
                                                    "height": 30,
                                                    "width": 30,
                                                  },
                                                  undefined,
                                                ]
                              }
                    />
          </TouchableOpacity>
          <TouchableOpacity
                    activeOpacity={0.2}
                    focusedOpacity={0.7}
                    onPress={[Function]}
          >
                    <Image
                              source={1}
                              style={
                                        Array [
                                                  Object {
                                                    "marginRight": 10,
                                                  },
                                                  Object {
                                                    "height": 30,
                                                    "width": 30,
                                                  },
                                                  undefined,
                                                ]
                              }
                    />
          </TouchableOpacity>
          <TouchableOpacity
                    activeOpacity={0.2}
                    focusedOpacity={0.7}
                    onPress={[Function]}
          >
                    <Image
                              source={1}
                              style={
                                        Array [
                                                  Object {
                                                    "marginRight": 10,
                                                  },
                                                  Object {
                                                    "height": 30,
                                                    "width": 30,
                                                  },
                                                  undefined,
                                                ]
                              }
                    />
          </TouchableOpacity>
          <TouchableOpacity
                    activeOpacity={0.2}
                    focusedOpacity={0.7}
                    onPress={[Function]}
          >
                    <Image
                              source={1}
                              style={
                                        Array [
                                                  Object {
                                                    "marginRight": 10,
                                                  },
                                                  Object {
                                                    "height": 30,
                                                    "width": 30,
                                                  },
                                                  undefined,
                                                ]
                              }
                    />
          </TouchableOpacity>
          <TouchableOpacity
                    activeOpacity={0.2}
                    focusedOpacity={0.7}
                    onPress={[Function]}
          >
                    <Image
                              source={1}
                              style={
                                        Array [
                                                  Object {
                                                    "marginRight": 10,
                                                  },
                                                  Object {
                                                    "height": 30,
                                                    "width": 30,
                                                  },
                                                  undefined,
                                                ]
                              }
                    />
          </TouchableOpacity>
</View>,
        "_debugID": 2,
        "_renderedOutput": <View
          style={
                    Array [
                              Object {
                                "flexDirection": "row",
                              },
                              undefined,
                            ]
          }
>
          <TouchableOpacity
                    activeOpacity={0.2}
                    focusedOpacity={0.7}
                    onPress={[Function]}
          >
                    <Image
                              source={1}
                              style={
                                        Array [
                                                  Object {
                                                    "marginRight": 10,
                                                  },
                                                  Object {
                                                    "height": 30,
                                                    "width": 30,
                                                  },
                                                  undefined,
                                                ]
                              }
                    />
          </TouchableOpacity>
          <TouchableOpacity
                    activeOpacity={0.2}
                    focusedOpacity={0.7}
                    onPress={[Function]}
          >
                    <Image
                              source={1}
                              style={
                                        Array [
                                                  Object {
                                                    "marginRight": 10,
                                                  },
                                                  Object {
                                                    "height": 30,
                                                    "width": 30,
                                                  },
                                                  undefined,
                                                ]
                              }
                    />
          </TouchableOpacity>
          <TouchableOpacity
                    activeOpacity={0.2}
                    focusedOpacity={0.7}
                    onPress={[Function]}
          >
                    <Image
                              source={1}
                              style={
                                        Array [
                                                  Object {
                                                    "marginRight": 10,
                                                  },
                                                  Object {
                                                    "height": 30,
                                                    "width": 30,
                                                  },
                                                  undefined,
                                                ]
                              }
                    />
          </TouchableOpacity>
          <TouchableOpacity
                    activeOpacity={0.2}
                    focusedOpacity={0.7}
                    onPress={[Function]}
          >
                    <Image
                              source={1}
                              style={
                                        Array [
                                                  Object {
                                                    "marginRight": 10,
                                                  },
                                                  Object {
                                                    "height": 30,
                                                    "width": 30,
                                                  },
                                                  undefined,
                                                ]
                              }
                    />
          </TouchableOpacity>
          <TouchableOpacity
                    activeOpacity={0.2}
                    focusedOpacity={0.7}
                    onPress={[Function]}
          >
                    <Image
                              source={1}
                              style={
                                        Array [
                                                  Object {
                                                    "marginRight": 10,
                                                  },
                                                  Object {
                                                    "height": 30,
                                                    "width": 30,
                                                  },
                                                  undefined,
                                                ]
                              }
                    />
          </TouchableOpacity>
</View>,
      },
      "_renderedNodeType": 1,
      "_rootNodeID": 0,
      "_topLevelWrapper": null,
      "_updateBatchNumber": null,
      "_warnedAboutRefsInRender": false,
    },
    "getRenderOutput": [Function],
    "render": [Function],
  },
  "root": [Circular],
  "unrendered": <BackButton
    emptyImage={1}
    fillImage={1}
    ratingCount={5}
    size={30}
    value={0}
/>,
}
`;
