// Jest Snapshot v1, https://goo.gl/fbAQLP

exports[`SuccessState renders correctly 1`] = `
ShallowWrapper {
  "complexSelector": ComplexSelector {
    "buildPredicate": [Function],
    "childrenOfNode": [Function],
    "findWhereUnwrapped": [Function],
  },
  "length": 1,
  "node": <View
    style={
        Array [
            Object {
              "alignItems": "center",
              "backgroundColor": "#fff",
              "justifyContent": "center",
            },
            undefined,
          ]
    }
>
    <AnimatedComponent
        source={1}
        style={
            Array [
                Object {
                  "height": 112,
                  "width": 112,
                },
                Object {
                  "opacity": 0,
                },
              ]
        }
    />
</View>,
  "nodes": Array [
    <View
      style={
            Array [
                  Object {
                    "alignItems": "center",
                    "backgroundColor": "#fff",
                    "justifyContent": "center",
                  },
                  undefined,
                ]
      }
>
      <AnimatedComponent
            source={1}
            style={
                  Array [
                        Object {
                          "height": 112,
                          "width": 112,
                        },
                        Object {
                          "opacity": 0,
                        },
                      ]
            }
      />
</View>,
  ],
  "options": Object {},
  "renderer": ReactShallowRenderer {
    "_instance": ShallowComponentWrapper {
      "_calledComponentWillUnmount": false,
      "_compositeType": 0,
      "_context": Object {},
      "_currentElement": <Spinner />,
      "_debugID": 1,
      "_hostContainerInfo": null,
      "_hostParent": null,
      "_instance": Spinner {
        "_reactInternalInstance": [Circular],
        "animate": [Function],
        "context": Object {},
        "opacity": 0,
        "props": Object {},
        "refs": Object {},
        "state": null,
        "updater": Object {
          "enqueueCallback": [Function],
          "enqueueCallbackInternal": [Function],
          "enqueueElementInternal": [Function],
          "enqueueForceUpdate": [Function],
          "enqueueReplaceState": [Function],
          "enqueueSetState": [Function],
          "isMounted": [Function],
          "validateCallback": [Function],
        },
      },
      "_mountOrder": 1,
      "_pendingCallbacks": null,
      "_pendingElement": null,
      "_pendingForceUpdate": false,
      "_pendingReplaceState": false,
      "_pendingStateQueue": null,
      "_renderedComponent": NoopInternalComponent {
        "_currentElement": <View
          style={
                    Array [
                              Object {
                                "alignItems": "center",
                                "backgroundColor": "#fff",
                                "justifyContent": "center",
                              },
                              undefined,
                            ]
          }
>
          <AnimatedComponent
                    source={1}
                    style={
                              Array [
                                        Object {
                                          "height": 112,
                                          "width": 112,
                                        },
                                        Object {
                                          "opacity": 0,
                                        },
                                      ]
                    }
          />
</View>,
        "_debugID": 2,
        "_renderedOutput": <View
          style={
                    Array [
                              Object {
                                "alignItems": "center",
                                "backgroundColor": "#fff",
                                "justifyContent": "center",
                              },
                              undefined,
                            ]
          }
>
          <AnimatedComponent
                    source={1}
                    style={
                              Array [
                                        Object {
                                          "height": 112,
                                          "width": 112,
                                        },
                                        Object {
                                          "opacity": 0,
                                        },
                                      ]
                    }
          />
</View>,
      },
      "_renderedNodeType": 1,
      "_rootNodeID": 0,
      "_topLevelWrapper": null,
      "_updateBatchNumber": null,
      "_warnedAboutRefsInRender": false,
    },
    "getRenderOutput": [Function],
    "render": [Function],
  },
  "root": [Circular],
  "unrendered": <Spinner />,
}
`;
