// Jest Snapshot v1, https://goo.gl/fbAQLP

exports[`productSelector getProductsByDeliveryType 1`] = `
Array [
  Object {
    "price": "$3.49",
    "productCode": "1",
    "quantity": 1,
    "thumbnail_image": "image",
    "title": "Type 1 code 1",
  },
]
`;
