// Jest Snapshot v1, https://goo.gl/fbAQLP

exports[`PaymentDropDownItem renders correctly 1`] = `
ShallowWrapper {
  "complexSelector": ComplexSelector {
    "buildPredicate": [Function],
    "childrenOfNode": [Function],
    "findWhereUnwrapped": [Function],
  },
  "length": 1,
  "node": <TouchableOpacity
    activeOpacity={0.2}
    disabled={false}
    focusedOpacity={0.7}
    onPress={undefined}
    style={
        Array [
            Object {
              "backgroundColor": "#F4F4F4",
              "borderBottomWidth": 1,
              "borderColor": "#f5a624",
              "borderLeftWidth": 0,
              "borderRightWidth": 0,
              "borderTopWidth": 1,
              "flexDirection": "row",
              "paddingHorizontal": 16,
              "paddingVertical": 14.24,
            },
            Object {
              "borderColor": "transparent",
            },
          ]
    }
>
    <Image
        resizeMode="contain"
        source={1}
        style={
            Object {
                "height": 22.08,
                "width": 46.08,
              }
        }
    />
    <Text
        accessible={true}
        allowFontScaling={true}
        ellipsizeMode="tail"
        style={
            Object {
                "fontSize": 17.28,
                "marginLeft": 10,
              }
        }
    >
        ***3463
    </Text>
</TouchableOpacity>,
  "nodes": Array [
    <TouchableOpacity
      activeOpacity={0.2}
      disabled={false}
      focusedOpacity={0.7}
      onPress={undefined}
      style={
            Array [
                  Object {
                    "backgroundColor": "#F4F4F4",
                    "borderBottomWidth": 1,
                    "borderColor": "#f5a624",
                    "borderLeftWidth": 0,
                    "borderRightWidth": 0,
                    "borderTopWidth": 1,
                    "flexDirection": "row",
                    "paddingHorizontal": 16,
                    "paddingVertical": 14.24,
                  },
                  Object {
                    "borderColor": "transparent",
                  },
                ]
      }
>
      <Image
            resizeMode="contain"
            source={1}
            style={
                  Object {
                        "height": 22.08,
                        "width": 46.08,
                      }
            }
      />
      <Text
            accessible={true}
            allowFontScaling={true}
            ellipsizeMode="tail"
            style={
                  Object {
                        "fontSize": 17.28,
                        "marginLeft": 10,
                      }
            }
      >
            ***3463
      </Text>
</TouchableOpacity>,
  ],
  "options": Object {
    "context": Object {
      "store": Object {
        "clearActions": [Function],
        "dispatch": [Function],
        "getActions": [Function],
        "getState": [Function],
        "replaceReducer": [Function],
        "subscribe": [Function],
      },
    },
  },
  "renderer": ReactShallowRenderer {
    "_instance": ShallowComponentWrapper {
      "_calledComponentWillUnmount": false,
      "_compositeType": 0,
      "_context": Object {
        "store": Object {
          "clearActions": [Function],
          "dispatch": [Function],
          "getActions": [Function],
          "getState": [Function],
          "replaceReducer": [Function],
          "subscribe": [Function],
        },
      },
      "_currentElement": <PaymentDropDownItem
        isHeaderItem={false}
/>,
      "_debugID": 3,
      "_hostContainerInfo": null,
      "_hostParent": null,
      "_instance": PaymentDropDownItem {
        "_reactInternalInstance": [Circular],
        "context": Object {},
        "props": Object {
          "isHeaderItem": false,
        },
        "refs": Object {},
        "state": null,
        "updater": Object {
          "enqueueCallback": [Function],
          "enqueueCallbackInternal": [Function],
          "enqueueElementInternal": [Function],
          "enqueueForceUpdate": [Function],
          "enqueueReplaceState": [Function],
          "enqueueSetState": [Function],
          "isMounted": [Function],
          "validateCallback": [Function],
        },
      },
      "_mountOrder": 2,
      "_pendingCallbacks": null,
      "_pendingElement": null,
      "_pendingForceUpdate": false,
      "_pendingReplaceState": false,
      "_pendingStateQueue": null,
      "_renderedComponent": NoopInternalComponent {
        "_currentElement": <TouchableOpacity
          activeOpacity={0.2}
          disabled={false}
          focusedOpacity={0.7}
          onPress={undefined}
          style={
                    Array [
                              Object {
                                "backgroundColor": "#F4F4F4",
                                "borderBottomWidth": 1,
                                "borderColor": "#f5a624",
                                "borderLeftWidth": 0,
                                "borderRightWidth": 0,
                                "borderTopWidth": 1,
                                "flexDirection": "row",
                                "paddingHorizontal": 16,
                                "paddingVertical": 14.24,
                              },
                              Object {
                                "borderColor": "transparent",
                              },
                            ]
          }
>
          <Image
                    resizeMode="contain"
                    source={1}
                    style={
                              Object {
                                        "height": 22.08,
                                        "width": 46.08,
                                      }
                    }
          />
          <Text
                    accessible={true}
                    allowFontScaling={true}
                    ellipsizeMode="tail"
                    style={
                              Object {
                                        "fontSize": 17.28,
                                        "marginLeft": 10,
                                      }
                    }
          >
                    ***3463
          </Text>
</TouchableOpacity>,
        "_debugID": 4,
        "_renderedOutput": <TouchableOpacity
          activeOpacity={0.2}
          disabled={false}
          focusedOpacity={0.7}
          onPress={undefined}
          style={
                    Array [
                              Object {
                                "backgroundColor": "#F4F4F4",
                                "borderBottomWidth": 1,
                                "borderColor": "#f5a624",
                                "borderLeftWidth": 0,
                                "borderRightWidth": 0,
                                "borderTopWidth": 1,
                                "flexDirection": "row",
                                "paddingHorizontal": 16,
                                "paddingVertical": 14.24,
                              },
                              Object {
                                "borderColor": "transparent",
                              },
                            ]
          }
>
          <Image
                    resizeMode="contain"
                    source={1}
                    style={
                              Object {
                                        "height": 22.08,
                                        "width": 46.08,
                                      }
                    }
          />
          <Text
                    accessible={true}
                    allowFontScaling={true}
                    ellipsizeMode="tail"
                    style={
                              Object {
                                        "fontSize": 17.28,
                                        "marginLeft": 10,
                                      }
                    }
          >
                    ***3463
          </Text>
</TouchableOpacity>,
      },
      "_renderedNodeType": 1,
      "_rootNodeID": 0,
      "_topLevelWrapper": null,
      "_updateBatchNumber": null,
      "_warnedAboutRefsInRender": false,
    },
    "getRenderOutput": [Function],
    "render": [Function],
  },
  "root": [Circular],
  "unrendered": <PaymentDropDownItem
    isHeaderItem={false}
/>,
}
`;
