// Jest Snapshot v1, https://goo.gl/fbAQLP

exports[`Testing Auth Actions facebookLogin 1`] = `
Array [
  Object {
    "payload": Object {
      "token": "token",
    },
    "type": "login_success",
  },
  Object {
    "payload": "token",
    "type": "login_user",
  },
]
`;
